package image ready after 1.93 s
BASELINE tb0_core.jl TB0_TARGET=field => OK (exit=0, 7.76 s)
BASELINE tb0_core.jl TB0_TARGET=zero_basis => OK (exit=0, 8.62 s)
BASELINE tb0_core.jl TB0_TARGET=occurrence => OK (exit=0, 6.2 s)
BASELINE tb0_core.jl TB0_TARGET=c8 => OK (exit=0, 4.94 s)
BASELINE tb0_core.jl TB0_TARGET=encoding => OK (exit=0, 9.66 s)
BASELINE tb0_core.jl TB0_TARGET=pcp_separator => OK (exit=0, 30.86 s)
BASELINE tb0_core.jl TB0_TARGET=circuit => OK (exit=0, 32.46 s)
BASELINE tb0_core.jl TB0_TARGET=witness_iff => OK (exit=0, 9.33 s)
BASELINE tb0_core.jl TB0_TARGET=c0_terms => OK (exit=0, 22.14 s)
BASELINE tb0_core.jl TB0_TARGET=certificate => OK (exit=0, 19.83 s)
BASELINE tb0_core.jl TB0_TARGET=nondegenerate => OK (exit=0, 44.74 s)
BASELINE tb0_core.jl TB0_TARGET=nonprime => OK (exit=0, 13.27 s)
BASELINE tb0_core.jl TB0_TARGET=layout_m2 => OK (exit=0, 9.42 s)
BASELINE tb1_ld_sampler.jl TB1_TARGET=chi_boundary => OK (exit=0, 7.36 s)
BASELINE tb1_ld_sampler.jl TB1_TARGET=pi_separator => OK (exit=0, 4.39 s)
BASELINE tb0_core.jl TB0_TARGET=field_change => OK (exit=0, 19.99 s)
BASELINE tb0_core.jl TB0_TARGET=pcp => OK (exit=0, 20.58 s)
BASELINE tb1_ld_sampler.jl TB1_TARGET=degree => OK (exit=0, 4.37 s)
BASELINE tb1_ld_sampler.jl TB1_TARGET=lnf_separator => OK (exit=0, 4.68 s)
BASELINE tb1_ld_sampler.jl TB1_TARGET=decider_rejections => OK (exit=0, 6.04 s)
BASELINE tb1_ld_sampler.jl TB1_TARGET=histogram_diagonal => OK (exit=0, 8.03 s)
BASELINE tb1_ld_sampler.jl TB1_TARGET=levels => OK (exit=0, 12.99 s)
BASELINE tb0_core.jl TB0_TARGET=witness_iii => OK (exit=0, 35.93 s)
BASELINE tb1_ld_sampler.jl TB1_TARGET=chifree => OK (exit=0, 5.38 s)
BASELINE tb1_ld_sampler.jl TB1_TARGET=queries => OK (exit=0, 6.02 s)
BASELINE tb1_ld_sampler.jl TB1_TARGET=space_sum => OK (exit=0, 12.74 s)
BASELINE tb1_ld_sampler.jl TB1_TARGET=memo => OK (exit=0, 6.69 s)
BASELINE tb1_ld_sampler.jl TB1_TARGET=describe => OK (exit=0, 15.3 s)
BASELINE tb2_answer_reduce.jl TB2_TARGET=formula => OK (exit=0, 9.57 s)
BASELINE tb1_ld_sampler.jl TB1_TARGET=decider => OK (exit=0, 11.46 s)
BASELINE tb2_answer_reduce.jl TB2_TARGET=i345 => OK (exit=0, 6.92 s)
BASELINE tb2_answer_reduce.jl TB2_TARGET=proof_consistency => OK (exit=0, 26.35 s)
BASELINE tb2_answer_reduce.jl TB2_TARGET=line => OK (exit=0, 26.93 s)
BASELINE tb2_answer_reduce.jl TB2_TARGET=guard => OK (exit=0, 28.87 s)
BASELINE tb2_answer_reduce.jl TB2_TARGET=no_check => OK (exit=0, 9.58 s)
BASELINE tb2_answer_reduce.jl TB2_TARGET=describe => OK (exit=0, 17.81 s)
BASELINE tb2_answer_reduce.jl TB2_TARGET=sampler => OK (exit=0, 25.02 s)
BASELINE tb3_frontend.jl TB3_TARGET=tb3_cook_levin => OK (exit=0, 7.42 s)
BASELINE tb3_frontend.jl TB3_TARGET=tb3_quote => OK (exit=0, 7.05 s)
BASELINE tb2_answer_reduce.jl TB2_TARGET=branches => OK (exit=0, 42.08 s)
BASELINE tb2_answer_reduce.jl TB2_TARGET=lockstep => OK (exit=0, 13.83 s)
BASELINE tb3_frontend.jl TB3_TARGET=tb3_eval => OK (exit=0, 6.14 s)
BASELINE tb3_frontend.jl TB3_TARGET=tb3_decouple => OK (exit=0, 12.98 s)
MUTANT-RUN A e-2_to_e-1 target=zero_basis (exit=1, 14.52 s)
MUTANT-RUN C omit_output_literal target=circuit (exit=1, 12.83 s)
MUTANT-RUN D corrupt_field_reduction target=field (exit=1, 10.2 s)
MUTANT-RUN E w1_fanout_2_to_1 target=occurrence (exit=1, 14.99 s)
MUTANT-RUN C8 occurrence_ignores_fanout target=c8 (exit=1, 11.97 s)
MUTANT-RUN B omit_g2_minus_o2 target=pcp_separator (exit=1, 42.29 s)
MUTANT-RUN F degenerate_witness_ii_a3 target=nondegenerate (exit=1, 28.97 s)
MUTANT-RUN G g_a_reverse_bit_order target=encoding (exit=1, 22.64 s)
MUTANT-RUN H ind_reverse_bit_order target=encoding (exit=1, 22.06 s)
MUTANT-RUN I restore_GF2k_accumulator_bug target=zero_basis (exit=1, 14.12 s)
MUTANT-RUN K witness_iff_reverses_factor target=witness_iff (exit=1, 11.08 s)
MUTANT-RUN M drop_nonprime_multiply_guard target=nonprime (exit=1, 16.22 s)
MUTANT-RUN J ev_z_ignores_c0_terms target=c0_terms (exit=1, 35.69 s)
MUTANT-RUN L PCPVerifier_replays_degree_only target=certificate (exit=1, 37.0 s)
MUTANT-RUN X1 pcpverifier_hardcodes_sign_block target=layout_m2 (exit=1, 30.28 s)
MUTANT-RUN X1b build_c0_hardcodes_sign_block target=layout_m2 (exit=1, 36.8 s)
MUTANT-RUN X4 tseitin_replay_wrong_vector target=certificate (exit=1, 20.01 s)
MUTANT-RUN X3 empty_view_replay_accepts target=certificate (exit=1, 34.35 s)
MUTANT-RUN X2 change_field_mislabels_d target=field_change (exit=1, 47.09 s)
MUTANT-RUN O phi_C_ignores_unsatisfied_clause target=witness_iii (exit=1, 31.87 s)
MUTANT-RUN N checker_accepts_nonzero_remainder target=witness_iii (exit=1, 37.53 s)
MUTANT-RUN Q skip_degree_two_rewrite target=pcp (exit=1, 21.39 s)
MUTANT-RUN S separator_moved_O2_to_O3 target=pcp_separator (exit=1, 32.48 s)
MUTANT-RUN R4M3 pcp_degree_replay_drops_quotients target=certificate (exit=1, 32.06 s)
MUTANT-RUN NM3 ev_z_drops_block_locality_guard target=certificate (exit=1, 40.37 s)
MUTANT-RUN P bind_certificate_detached target=witness_iii (exit=1, 46.58 s)
MUTANT-RUN TB1 M-χ shift_bucket_boundary target=tb1_chi_boundary (exit=1, 10.69 s)
MUTANT-RUN R4M5 multilinear_anchors_collapse_to_g1 target=certificate (exit=1, 35.77 s)
MUTANT-RUN TB1 M-π omit_prefix_projection target=tb1_pi_separator (exit=1, 11.59 s)
MUTANT-RUN TB1 M-lnf noncanonical_complement target=tb1_lnf_separator (exit=1, 12.3 s)
MUTANT-RUN TB1 M-deg axis_accepts_md target=tb1_degree (exit=1, 13.67 s)
MUTANT-RUN R4M2 certified_views_bypass_ev_z target=certificate (exit=1, 35.8 s)
MUTANT-RUN TB1 N1 line_point_test_always_agrees target=tb1_decider_rejections (exit=1, 12.62 s)
MUTANT-RUN TB1 N2 drop_point_on_left_symmetrization target=tb1_decider_rejections (exit=1, 13.25 s)
MUTANT-RUN TB1 M-level omit_inductive_increment target=tb1_levels (exit=1, 22.82 s)
MUTANT-RUN TB1 N3 verifier_diagonal_line_skips_pi target=tb1_decider_rejections (exit=1, 13.08 s)
MUTANT-RUN TB1 N4 drop_point_on_line_verification target=tb1_decider_rejections (exit=1, 13.41 s)
MUTANT-RUN TB1 N5 question_format_accepts_any_arity target=tb1_decider_rejections (exit=1, 13.49 s)
MUTANT-RUN TB1 M-repair drop_lnf_zero_direction_node target=tb1_histogram_diagonal (exit=1, 12.99 s)
MUTANT-RUN TB1 M-concat drops_left_level target=tb1_levels (exit=1, 21.93 s)
MUTANT-RUN TB1 M-kappa line_point_checks_first_entry_only target=tb1_decider_rejections (exit=1, 12.16 s)
MUTANT-RUN TB1 M-dsum direct_sum_forgets_stages target=tb1_levels (exit=1, 20.75 s)
MUTANT-RUN TB1 M-ambient constructor_skips_span_check target=tb1_levels (exit=1, 25.34 s)
MUTANT-RUN TB1 NM1 diagonal_answer_accepts_any_degree target=tb1_decider_rejections (exit=1, 13.57 s)
MUTANT-RUN TB1 NM2 child_skips_continuation_level_check target=tb1_levels (exit=1, 22.41 s)
MUTANT-RUN TB1 NM3 doblock_constructor_skips_span_check target=tb1_levels (exit=1, 21.11 s)
MUTANT-RUN TB1 N3-space-sum L_Point_sub_ambient_factor target=tb1_space_sum (exit=1, 23.7 s)
MUTANT-RUN TB1 N5-pad-order pad_level_prepends_empty_stages target=tb1_levels (exit=1, 19.51 s)
MUTANT-RUN TB1 M-chifree pi_prefix_off_by_one target=tb1_chifree (exit=1, 11.42 s)
MUTANT-RUN TB1 M9-linear-narrowed-domain linear_rejects_unreachable_prefix target=tb1_queries (exit=1, 13.75 s)
MUTANT-RUN TB1 M9-describe-closure describe_accepts_opaque_closure target=tb1_describe (exit=1, 20.6 s)
MUTANT-RUN TB1 M9-factor-not-indicator factor_returns_index_list target=tb1_queries (exit=1, 16.53 s)
MUTANT-RUN TB1 M9-replay-skips-k map_sum_checked_at_last_stage_only target=tb1_space_sum (exit=1, 19.88 s)
MUTANT-RUN TB1 M9-memo-unbounded child_memo_never_evicts target=tb1_memo (exit=1, 15.59 s)
MUTANT-RUN TB1 M9-replay-skips-union space_sum_ignores_coverage target=tb1_space_sum (exit=1, 20.91 s)
MUTANT-RUN TB1 M9-describe-matrix description_ignores_stage_matrices target=tb1_describe (exit=1, 26.33 s)
MUTANT-RUN TB1 M9-prefix-walk walk_ignores_the_prefix target=tb1_space_sum (exit=1, 19.39 s)
MUTANT-RUN TB1 M9-factor-unreachable-accepted factor_accepts_unreachable_prefix target=tb1_queries (exit=1, 15.62 s)
MUTANT-RUN TB1 N4-off-line line_point_test_never_agrees target=tb1_decider (exit=1, 19.0 s)
MUTANT-RUN TB1 N26-describe-zero-register zero_term_drops_register target=tb1_describe (exit=1, 20.42 s)
MUTANT-RUN TB1 N25-pad-subregister top_level_subregister_zero_promoted target=tb1_levels (exit=1, 18.54 s)
MUTANT-RUN TB1 N24-describe-transpose field_ints_column_major target=tb1_describe (exit=1, 25.66 s)
MUTANT-RUN TB1 N26-decode-ambient decode_skips_ambient_partition target=tb1_describe (exit=1, 25.75 s)
MUTANT-RUN TB2 c0_plus_one_formula target=tb2_formula (exit=1, 47.08 s)
MUTANT-RUN TB2 truncate_line_polynomial target=tb2_line (exit=1, 59.35 s)
MUTANT-RUN TB2 g3_plus_one_individual_only target=tb2_proof_consistency (exit=1, 65.8 s)
MUTANT-RUN TB2 M-guard Point_ALine_to_Point_DLine target=tb2_guard (exit=1, 70.1 s)
MUTANT-RUN TB2 M-i345 extend_to_i12 target=tb2_i345 (exit=1, 47.06 s)
MUTANT-RUN TB2 ND2 product_direct_sum_order_swapped target=tb2_sampler (exit=1, 35.94 s)
MUTANT-RUN TB2 MC1 sampler_dline_skips_pi target=tb2_branches (exit=1, 75.75 s)
MUTANT-RUN TB2 MC2 input_consistency_compares_other_block target=tb2_branches (exit=1, 83.26 s)
MUTANT-RUN TB2 MC3 simultaneous_test_uses_ldparams_not_ldparams_prime target=tb2_branches (exit=1, 82.76 s)
MUTANT-RUN TB2 M9-pcp-opaque-branch dline_direction_stage_uses_closure target=tb2_describe (exit=1, 31.28 s)
MUTANT-RUN TB2 N5 product_graph_cartesian_not_tensor target=tb2_sampler (exit=1, 45.88 s)
MUTANT-RUN TB2 M9-describe-byaxis-collapse byaxis_table_serialized_as_first_entry target=tb2_describe (exit=1, 38.52 s)
MUTANT-RUN TB2 ND4 answer_reduce_ld_checks_always_accept target=tb2_sampler (exit=1, 76.46 s)
MUTANT-RUN TB3 M-acc accepting_trace_reports_reject target=tb3_cook_levin (exit=1, 17.39 s)
MUTANT-RUN TB2 M-guard-split input_consistency_guard_widened_to_lines target=tb2_no_check (exit=1, 54.88 s)
MUTANT-RUN TB3 M-size description_size_off_by_one target=tb3_quote (exit=1, 26.25 s)
MUTANT-RUN TB2 NF1-decider-guard-widened step4b_copy_in_i_or_6 target=tb2_lockstep (exit=1, 67.57 s)
MUTANT-RUN TB3 M-fuel eval_ignores_fuel target=tb3_eval (exit=1, 26.17 s)
MUTANT-RUN TB3 M-closure bounded_trace_accepts_closure target=tb3_quote (exit=1, 16.9 s)
MUTANT-RUN TB2 NF2-global-consistency-first-entry step1_compares_first_entry_only target=tb2_lockstep (exit=1, 64.75 s)
MUTANT-RUN TB3 M-decouple slot1_reuses_block1 target=tb3_decouple (exit=1, 27.59 s)
MUTANT A e-2_to_e-1 target=zero_basis => KILLED (exit=1, 14.52 s)
MUTANT B omit_g2_minus_o2 target=pcp_separator => KILLED (exit=1, 42.29 s)
MUTANT C omit_output_literal target=circuit => KILLED (exit=1, 12.83 s)
MUTANT D corrupt_field_reduction target=field => KILLED (exit=1, 10.2 s)
MUTANT E w1_fanout_2_to_1 target=occurrence => KILLED (exit=1, 14.99 s)
MUTANT F degenerate_witness_ii_a3 target=nondegenerate => KILLED (exit=1, 28.97 s)
MUTANT C8 occurrence_ignores_fanout target=c8 => KILLED (exit=1, 11.97 s)
MUTANT G g_a_reverse_bit_order target=encoding => KILLED (exit=1, 22.64 s)
MUTANT H ind_reverse_bit_order target=encoding => KILLED (exit=1, 22.06 s)
MUTANT I restore_GF2k_accumulator_bug target=zero_basis => KILLED (exit=1, 14.12 s)
MUTANT J ev_z_ignores_c0_terms target=c0_terms => KILLED (exit=1, 35.69 s)
MUTANT K witness_iff_reverses_factor target=witness_iff => KILLED (exit=1, 11.08 s)
MUTANT L PCPVerifier_replays_degree_only target=certificate => KILLED (exit=1, 37.0 s)
MUTANT M drop_nonprime_multiply_guard target=nonprime => KILLED (exit=1, 16.22 s)
MUTANT X1 pcpverifier_hardcodes_sign_block target=layout_m2 => KILLED (exit=1, 30.28 s)
MUTANT X1b build_c0_hardcodes_sign_block target=layout_m2 => KILLED (exit=1, 36.8 s)
MUTANT X2 change_field_mislabels_d target=field_change => KILLED (exit=1, 47.09 s)
MUTANT X3 empty_view_replay_accepts target=certificate => KILLED (exit=1, 34.35 s)
MUTANT X4 tseitin_replay_wrong_vector target=certificate => KILLED (exit=1, 20.01 s)
MUTANT N checker_accepts_nonzero_remainder target=witness_iii => KILLED (exit=1, 37.53 s)
MUTANT O phi_C_ignores_unsatisfied_clause target=witness_iii => KILLED (exit=1, 31.87 s)
MUTANT Q skip_degree_two_rewrite target=pcp => KILLED (exit=1, 21.39 s)
MUTANT S separator_moved_O2_to_O3 target=pcp_separator => KILLED (exit=1, 32.48 s)
MUTANT NM3 ev_z_drops_block_locality_guard target=certificate => KILLED (exit=1, 40.37 s)
MUTANT P bind_certificate_detached target=witness_iii => KILLED (exit=1, 46.58 s)
MUTANT R4M3 pcp_degree_replay_drops_quotients target=certificate => KILLED (exit=1, 32.06 s)
MUTANT R4M5 multilinear_anchors_collapse_to_g1 target=certificate => KILLED (exit=1, 35.77 s)
MUTANT R4M2 certified_views_bypass_ev_z target=certificate => KILLED (exit=1, 35.8 s)
MUTANT TB1 M-χ shift_bucket_boundary target=tb1_chi_boundary => KILLED (exit=1, 10.69 s)
MUTANT TB1 M-π omit_prefix_projection target=tb1_pi_separator => KILLED (exit=1, 11.59 s)
MUTANT TB1 M-lnf noncanonical_complement target=tb1_lnf_separator => KILLED (exit=1, 12.3 s)
MUTANT TB1 M-deg axis_accepts_md target=tb1_degree => KILLED (exit=1, 13.67 s)
MUTANT TB1 M-level omit_inductive_increment target=tb1_levels => KILLED (exit=1, 22.82 s)
MUTANT TB1 N1 line_point_test_always_agrees target=tb1_decider_rejections => KILLED (exit=1, 12.62 s)
MUTANT TB1 N2 drop_point_on_left_symmetrization target=tb1_decider_rejections => KILLED (exit=1, 13.25 s)
MUTANT TB1 N3 verifier_diagonal_line_skips_pi target=tb1_decider_rejections => KILLED (exit=1, 13.08 s)
MUTANT TB1 N4 drop_point_on_line_verification target=tb1_decider_rejections => KILLED (exit=1, 13.41 s)
MUTANT TB1 N5 question_format_accepts_any_arity target=tb1_decider_rejections => KILLED (exit=1, 13.49 s)
MUTANT TB1 M-concat drops_left_level target=tb1_levels => KILLED (exit=1, 21.93 s)
MUTANT TB1 M-repair drop_lnf_zero_direction_node target=tb1_histogram_diagonal => KILLED (exit=1, 12.99 s)
MUTANT TB1 M-ambient constructor_skips_span_check target=tb1_levels => KILLED (exit=1, 25.34 s)
MUTANT TB1 M-dsum direct_sum_forgets_stages target=tb1_levels => KILLED (exit=1, 20.75 s)
MUTANT TB1 M-kappa line_point_checks_first_entry_only target=tb1_decider_rejections => KILLED (exit=1, 12.16 s)
MUTANT TB1 NM1 diagonal_answer_accepts_any_degree target=tb1_decider_rejections => KILLED (exit=1, 13.57 s)
MUTANT TB1 NM2 child_skips_continuation_level_check target=tb1_levels => KILLED (exit=1, 22.41 s)
MUTANT TB1 NM3 doblock_constructor_skips_span_check target=tb1_levels => KILLED (exit=1, 21.11 s)
MUTANT TB1 N3-space-sum L_Point_sub_ambient_factor target=tb1_space_sum => KILLED (exit=1, 23.7 s)
MUTANT TB1 N5-pad-order pad_level_prepends_empty_stages target=tb1_levels => KILLED (exit=1, 19.51 s)
MUTANT TB1 M-chifree pi_prefix_off_by_one target=tb1_chifree => KILLED (exit=1, 11.42 s)
MUTANT TB1 M9-describe-closure describe_accepts_opaque_closure target=tb1_describe => KILLED (exit=1, 20.6 s)
MUTANT TB1 M9-factor-not-indicator factor_returns_index_list target=tb1_queries => KILLED (exit=1, 16.53 s)
MUTANT TB1 M9-linear-narrowed-domain linear_rejects_unreachable_prefix target=tb1_queries => KILLED (exit=1, 13.75 s)
MUTANT TB1 M9-replay-skips-k map_sum_checked_at_last_stage_only target=tb1_space_sum => KILLED (exit=1, 19.88 s)
MUTANT TB1 M9-replay-skips-union space_sum_ignores_coverage target=tb1_space_sum => KILLED (exit=1, 20.91 s)
MUTANT TB1 M9-memo-unbounded child_memo_never_evicts target=tb1_memo => KILLED (exit=1, 15.59 s)
MUTANT TB1 M9-describe-matrix description_ignores_stage_matrices target=tb1_describe => KILLED (exit=1, 26.33 s)
MUTANT TB1 M9-prefix-walk walk_ignores_the_prefix target=tb1_space_sum => KILLED (exit=1, 19.39 s)
MUTANT TB1 M9-factor-unreachable-accepted factor_accepts_unreachable_prefix target=tb1_queries => KILLED (exit=1, 15.62 s)
MUTANT TB1 N4-off-line line_point_test_never_agrees target=tb1_decider => KILLED (exit=1, 19.0 s)
MUTANT TB1 N24-describe-transpose field_ints_column_major target=tb1_describe => KILLED (exit=1, 25.66 s)
MUTANT TB1 N26-describe-zero-register zero_term_drops_register target=tb1_describe => KILLED (exit=1, 20.42 s)
MUTANT TB1 N25-pad-subregister top_level_subregister_zero_promoted target=tb1_levels => KILLED (exit=1, 18.54 s)
MUTANT TB1 N26-decode-ambient decode_skips_ambient_partition target=tb1_describe => KILLED (exit=1, 25.75 s)
MUTANT TB2 c0_plus_one_formula target=tb2_formula => KILLED (exit=1, 47.08 s)
MUTANT TB2 g3_plus_one_individual_only target=tb2_proof_consistency => KILLED (exit=1, 65.8 s)
MUTANT TB2 truncate_line_polynomial target=tb2_line => KILLED (exit=1, 59.35 s)
MUTANT TB2 M-guard Point_ALine_to_Point_DLine target=tb2_guard => KILLED (exit=1, 70.1 s)
MUTANT TB2 M-i345 extend_to_i12 target=tb2_i345 => KILLED (exit=1, 47.06 s)
MUTANT TB2 MC1 sampler_dline_skips_pi target=tb2_branches => KILLED (exit=1, 75.75 s)
MUTANT TB2 MC2 input_consistency_compares_other_block target=tb2_branches => KILLED (exit=1, 83.26 s)
MUTANT TB2 MC3 simultaneous_test_uses_ldparams_not_ldparams_prime target=tb2_branches => KILLED (exit=1, 82.76 s)
MUTANT TB2 ND2 product_direct_sum_order_swapped target=tb2_sampler => KILLED (exit=1, 35.94 s)
MUTANT TB2 ND4 answer_reduce_ld_checks_always_accept target=tb2_sampler => KILLED (exit=1, 76.46 s)
MUTANT TB2 N5 product_graph_cartesian_not_tensor target=tb2_sampler => KILLED (exit=1, 45.88 s)
MUTANT TB2 M9-pcp-opaque-branch dline_direction_stage_uses_closure target=tb2_describe => KILLED (exit=1, 31.28 s)
MUTANT TB2 M9-describe-byaxis-collapse byaxis_table_serialized_as_first_entry target=tb2_describe => KILLED (exit=1, 38.52 s)
MUTANT TB2 M-guard-split input_consistency_guard_widened_to_lines target=tb2_no_check => KILLED (exit=1, 54.88 s)
MUTANT TB2 NF1-decider-guard-widened step4b_copy_in_i_or_6 target=tb2_lockstep => KILLED (exit=1, 67.57 s)
MUTANT TB2 NF2-global-consistency-first-entry step1_compares_first_entry_only target=tb2_lockstep => KILLED (exit=1, 64.75 s)
MUTANT TB3 M-acc accepting_trace_reports_reject target=tb3_cook_levin => KILLED (exit=1, 17.39 s)
MUTANT TB3 M-size description_size_off_by_one target=tb3_quote => KILLED (exit=1, 26.25 s)
MUTANT TB3 M-fuel eval_ignores_fuel target=tb3_eval => KILLED (exit=1, 26.17 s)
MUTANT TB3 M-decouple slot1_reuses_block1 target=tb3_decouple => KILLED (exit=1, 27.59 s)
MUTANT TB3 M-closure bounded_trace_accepts_closure target=tb3_quote => KILLED (exit=1, 16.9 s)
Test Summary:               | Pass  Total  Time
isolated targeted mutations |    2      2  0.2s
MUTATION REGISTRY: killed=84/84 baselines ok=43/43 wall=790.69 s
