\BOOKMARK [0][-]{part.1}{\376\377\000I\000\040\000A\000\040\000r\000e\000f\000r\000e\000s\000h\000e\000r\000\040\000o\000n\000\040\000c\000o\000m\000p\000u\000t\000a\000b\000i\000l\000i\000t\000y\000,\000\040\000f\000r\000o\000m\000\040\000t\000h\000e\000\040\000p\000a\000p\000e\000r\000'\000s\000\040\000v\000i\000e\000w\000p\000o\000i\000n\000t}{}% 1
\BOOKMARK [1][-]{section.1}{\376\377\000T\000u\000r\000i\000n\000g\000\040\000m\000a\000c\000h\000i\000n\000e\000s\000\040\000i\000n\000\040\000t\000h\000e\000\040\000f\000o\000r\000m\000\040\000u\000s\000e\000d\000\040\000b\000y\000\040\000t\000h\000e\000\040\000p\000a\000p\000e\000r}{part.1}% 2
\BOOKMARK [2][-]{subsection.1.1}{\376\377\000P\000r\000o\000g\000r\000a\000m\000s\000,\000\040\000c\000o\000n\000f\000i\000g\000u\000r\000a\000t\000i\000o\000n\000s\000,\000\040\000a\000n\000d\000\040\000o\000n\000e\000\040\000s\000t\000e\000p}{section.1}% 3
\BOOKMARK [2][-]{subsection.1.2}{\376\377\000A\000\040\000c\000o\000m\000p\000l\000e\000t\000e\000\040\000t\000w\000o\000-\000s\000t\000a\000t\000e\000\040\000e\000q\000u\000a\000l\000i\000t\000y\000\040\000m\000a\000c\000h\000i\000n\000e}{section.1}% 4
\BOOKMARK [2][-]{subsection.1.3}{\376\377\000S\000e\000v\000e\000r\000a\000l\000\040\000i\000n\000p\000u\000t\000s\000\040\000a\000n\000d\000\040\000t\000h\000e\000\040\000v\000e\000r\000i\000f\000i\000e\000r\000\040\000c\000o\000n\000v\000e\000n\000t\000i\000o\000n}{section.1}% 5
\BOOKMARK [2][-]{subsection.1.4}{\376\377\000D\000e\000s\000c\000r\000i\000p\000t\000i\000o\000n\000s\000\040\000a\000r\000e\000\040\000f\000i\000n\000i\000t\000e\000\040\000d\000a\000t\000a}{section.1}% 6
\BOOKMARK [1][-]{section.2}{\376\377\000U\000n\000i\000v\000e\000r\000s\000a\000l\000i\000t\000y\000:\000\040\000o\000n\000e\000\040\000m\000a\000c\000h\000i\000n\000e\000\040\000c\000a\000n\000\040\000i\000n\000t\000e\000r\000p\000r\000e\000t\000\040\000a\000l\000l\000\040\000m\000a\000c\000h\000i\000n\000e\000s}{part.1}% 7
\BOOKMARK [2][-]{subsection.2.1}{\376\377\000T\000h\000e\000\040\000u\000n\000i\000v\000e\000r\000s\000a\000l\000\040\000m\000a\000c\000h\000i\000n\000e}{section.2}% 8
\BOOKMARK [2][-]{subsection.2.2}{\376\377\000P\000a\000r\000a\000m\000e\000t\000e\000r\000\040\000f\000i\000x\000i\000n\000g\000:\000\040\000t\000h\000e\000\040\000s\000-\000m\000-\000n\000\040\000t\000h\000e\000o\000r\000e\000m}{section.2}% 9
\BOOKMARK [2][-]{subsection.2.3}{\376\377\000W\000h\000y\000\040\000t\000h\000e\000\040\000H\000a\000l\000t\000i\000n\000g\000\040\000p\000r\000o\000b\000l\000e\000m\000\040\000i\000s\000\040\000u\000n\000d\000e\000c\000i\000d\000a\000b\000l\000e}{section.2}% 10
\BOOKMARK [1][-]{section.3}{\376\377\000P\000r\000o\000g\000r\000a\000m\000s\000\040\000w\000h\000i\000c\000h\000\040\000o\000b\000t\000a\000i\000n\000\040\000t\000h\000e\000i\000r\000\040\000o\000w\000n\000\040\000d\000e\000s\000c\000r\000i\000p\000t\000i\000o\000n\000s}{part.1}% 11
\BOOKMARK [2][-]{subsection.3.1}{\376\377\000T\000h\000e\000\040\000p\000a\000p\000e\000r\000'\000s\000\040\000F\000\050\000F\000,\000M\000,\000L\000,\000.\000.\000.\000\051\000\040\000c\000o\000n\000s\000t\000r\000u\000c\000t\000i\000o\000n}{section.3}% 12
\BOOKMARK [1][-]{section.4}{\376\377\000L\000a\000m\000b\000d\000a\000\040\000c\000a\000l\000c\000u\000l\000u\000s\000\040\000f\000r\000o\000m\000\040\000s\000c\000r\000a\000t\000c\000h}{part.1}% 13
\BOOKMARK [2][-]{subsection.4.1}{\376\377\000T\000e\000r\000m\000s\000,\000\040\000s\000c\000o\000p\000e\000,\000\040\000a\000n\000d\000\040\000b\000e\000t\000a\000\040\000r\000e\000d\000u\000c\000t\000i\000o\000n}{section.4}% 14
\BOOKMARK [2][-]{subsection.4.2}{\376\377\000C\000h\000u\000r\000c\000h\000\040\000d\000a\000t\000a\000:\000\040\000b\000e\000h\000a\000v\000i\000o\000r\000\040\000a\000s\000\040\000r\000e\000p\000r\000e\000s\000e\000n\000t\000a\000t\000i\000o\000n}{section.4}% 15
\BOOKMARK [2][-]{subsection.4.3}{\376\377\000R\000e\000c\000u\000r\000s\000i\000o\000n\000\040\000f\000r\000o\000m\000\040\000s\000e\000l\000f\000-\000a\000p\000p\000l\000i\000c\000a\000t\000i\000o\000n}{section.4}% 16
\BOOKMARK [2][-]{subsection.4.4}{\376\377\000D\000e\000\040\000B\000r\000u\000i\000j\000n\000\040\000i\000n\000d\000i\000c\000e\000s\000\040\000a\000n\000d\000\040\000q\000u\000o\000t\000a\000t\000i\000o\000n}{section.4}% 17
\BOOKMARK [1][-]{section.5}{\376\377\000C\000h\000u\000r\000c\000h\040\023\000T\000u\000r\000i\000n\000g\000\040\000a\000s\000\040\000a\000n\000\040\000e\000n\000g\000i\000n\000e\000e\000r\000i\000n\000g\000\040\000s\000t\000a\000t\000e\000m\000e\000n\000t}{part.1}% 18
\BOOKMARK [1][-]{section.6}{\376\377\000W\000h\000y\000\040\000t\000h\000i\000s\000\040\000m\000a\000c\000h\000i\000n\000e\000r\000y\000\040\000a\000p\000p\000e\000a\000r\000s\000\040\000i\000n\000\040\000a\000\040\000p\000a\000p\000e\000r\000\040\000a\000b\000o\000u\000t\000\040\000e\000n\000t\000a\000n\000g\000l\000e\000d\000\040\000p\000r\000o\000v\000e\000r\000s}{part.1}% 19
\BOOKMARK [0][-]{part.2}{\376\377\000I\000I\000\040\000R\000e\000s\000o\000u\000r\000c\000e\000-\000a\000c\000c\000o\000u\000n\000t\000e\000d\000\040\000a\000n\000a\000l\000y\000t\000i\000c\000\040\000u\000n\000d\000e\000r\000p\000i\000n\000n\000i\000n\000g\000s}{}% 20
\BOOKMARK [1][-]{section.7}{\376\377\000T\000h\000e\000\040\000p\000a\000p\000e\000r\000'\000s\000\040\000m\000a\000c\000h\000i\000n\000e\000\040\000m\000o\000d\000e\000l\000\040\000a\000n\000d\000\040\000i\000t\000s\000\040\000i\000n\000t\000e\000n\000s\000i\000o\000n\000a\000l\000\040\000o\000b\000l\000i\000g\000a\000t\000i\000o\000n\000s}{part.2}% 21
\BOOKMARK [2][-]{subsection.7.1}{\376\377\000M\000a\000c\000h\000i\000n\000e\000s\000,\000\040\000i\000n\000p\000u\000t\000s\000,\000\040\000t\000i\000m\000e\000,\000\040\000a\000n\000d\000\040\000d\000e\000s\000c\000r\000i\000p\000t\000i\000o\000n\000s}{section.7}% 22
\BOOKMARK [2][-]{subsection.7.2}{\376\377\000W\000h\000a\000t\000\040\000a\000\040\000v\000e\000r\000i\000f\000i\000e\000r\000\040\000d\000e\000s\000c\000r\000i\000p\000t\000i\000o\000n\000\040\000m\000e\000a\000n\000s}{section.7}% 23
\BOOKMARK [2][-]{subsection.7.3}{\376\377\000U\000n\000i\000v\000e\000r\000s\000a\000l\000\040\000a\000n\000d\000\040\000s\000o\000u\000r\000c\000e\000-\000l\000e\000v\000e\000l\000\040\000o\000b\000l\000i\000g\000a\000t\000i\000o\000n\000s}{section.7}% 24
\BOOKMARK [1][-]{section.8}{\376\377\000A\000\040\000l\000a\000m\000b\000d\000a\000\040\000c\000a\000l\000c\000u\000l\000u\000s\000\040\000w\000i\000t\000h\000\040\000r\000e\000s\000o\000u\000r\000c\000e\000s}{part.2}% 25
\BOOKMARK [2][-]{subsection.8.1}{\376\377\000S\000y\000n\000t\000a\000x\000,\000\040\000p\000h\000a\000s\000e\000s\000,\000\040\000a\000n\000d\000\040\000c\000a\000n\000o\000n\000i\000c\000a\000l\000\040\000b\000y\000t\000e\000s}{section.8}% 26
\BOOKMARK [2][-]{subsection.8.2}{\376\377\000S\000m\000a\000l\000l\000-\000s\000t\000e\000p\000\040\000s\000e\000m\000a\000n\000t\000i\000c\000s\000\040\000a\000n\000d\000\040\000f\000u\000e\000l}{section.8}% 27
\BOOKMARK [2][-]{subsection.8.3}{\376\377\000Q\000u\000o\000t\000a\000t\000i\000o\000n\000,\000\040\000e\000v\000a\000l\000u\000a\000t\000i\000o\000n\000,\000\040\000a\000n\000d\000\040\000s\000p\000e\000c\000i\000a\000l\000i\000z\000a\000t\000i\000o\000n}{section.8}% 28
\BOOKMARK [1][-]{section.9}{\376\377\000S\000i\000m\000u\000l\000a\000t\000i\000o\000n\000\040\000t\000h\000e\000o\000r\000e\000m\000s\000:\000\040\000t\000h\000e\000\040\000m\000a\000c\000h\000i\000n\000e\040\023\000t\000e\000r\000m\000\040\000b\000r\000i\000d\000g\000e}{part.2}% 29
\BOOKMARK [2][-]{subsection.9.1}{\376\377\000F\000r\000o\000m\000\040\000t\000h\000e\000\040\000p\000a\000p\000e\000r\000'\000s\000\040\000m\000a\000c\000h\000i\000n\000e\000s\000\040\000t\000o\000\040\000L}{section.9}% 30
\BOOKMARK [2][-]{subsection.9.2}{\376\377\000F\000r\000o\000m\000\040\000L\000\040\000t\000o\000\040\000t\000h\000e\000\040\000p\000a\000p\000e\000r\000'\000s\000\040\000m\000a\000c\000h\000i\000n\000e\000s}{section.9}% 31
\BOOKMARK [2][-]{subsection.9.3}{\376\377\000T\000h\000e\000\040\000r\000e\000s\000o\000u\000r\000c\000e\000\040\000d\000i\000c\000t\000i\000o\000n\000a\000r\000y}{section.9}% 32
\BOOKMARK [1][-]{section.10}{\376\377\000S\000e\000l\000f\000-\000r\000e\000f\000e\000r\000e\000n\000c\000e\000\040\000a\000s\000\040\000a\000\040\000c\000o\000n\000s\000t\000r\000u\000c\000t\000i\000o\000n\000\040\000o\000n\000\040\000d\000e\000s\000c\000r\000i\000p\000t\000i\000o\000n\000s}{part.2}% 33
\BOOKMARK [2][-]{subsection.10.1}{\376\377\000T\000h\000e\000\040\000r\000e\000c\000u\000r\000s\000i\000o\000n\000\040\000t\000h\000e\000o\000r\000e\000m\000\040\000w\000i\000t\000h\000\040\000s\000i\000z\000e\000\040\000a\000c\000c\000o\000u\000n\000t\000i\000n\000g}{section.10}% 34
\BOOKMARK [2][-]{subsection.10.2}{\376\377\000T\000h\000e\000\040\000c\000a\000l\000l\000-\000b\000y\000-\000v\000a\000l\000u\000e\000\040\000Z\000\040\000c\000o\000m\000b\000i\000n\000a\000t\000o\000r\000\040\000a\000n\000d\000\040\000Y\000C\000o\000d\000e}{section.10}% 35
\BOOKMARK [2][-]{subsection.10.3}{\376\377\000T\000h\000e\000\040\000p\000a\000p\000e\000r\000'\000s\000\040\000e\000x\000p\000l\000i\000c\000i\000t\000\040\000d\000i\000a\000g\000o\000n\000a\000l\000\040\000p\000r\000o\000g\000r\000a\000m}{section.10}% 36
\BOOKMARK [1][-]{section.11}{\376\377\000C\000o\000o\000k\040\023\000L\000e\000v\000i\000n\000\040\000f\000o\000r\000\040\000L\000-\000d\000e\000s\000c\000r\000i\000p\000t\000i\000o\000n\000s}{part.2}% 37
\BOOKMARK [2][-]{subsection.11.1}{\376\377\000A\000\040\000l\000o\000c\000a\000l\000\040\000e\000n\000c\000o\000d\000i\000n\000g\000\040\000o\000f\000\040\000b\000o\000u\000n\000d\000e\000d\000\040\000e\000v\000a\000l\000u\000a\000t\000i\000o\000n}{section.11}% 38
\BOOKMARK [2][-]{subsection.11.2}{\376\377\000T\000h\000e\000\040\000s\000u\000c\000c\000i\000n\000c\000t\000\040\0003\000S\000A\000T\000\040\000c\000i\000r\000c\000u\000i\000t}{section.11}% 39
\BOOKMARK [2][-]{subsection.11.3}{\376\377\000F\000r\000o\000m\000\040\000s\000h\000a\000r\000e\000d\000\040\0003\000S\000A\000T\000\040\000d\000a\000t\000a\000\040\000t\000o\000\040\000d\000e\000c\000o\000u\000p\000l\000e\000d\000\040\0005\000S\000A\000T}{section.11}% 40
\BOOKMARK [2][-]{subsection.11.4}{\376\377\000T\000s\000e\000i\000t\000i\000n\000\040\000a\000n\000d\000\040\000a\000r\000i\000t\000h\000m\000e\000t\000i\000z\000a\000t\000i\000o\000n}{section.11}% 41
\BOOKMARK [2][-]{subsection.11.5}{\376\377\000T\000h\000e\000\040\000o\000c\000c\000u\000r\000r\000e\000n\000c\000e\000-\000v\000e\000c\000t\000o\000r\000\040\000d\000i\000s\000c\000r\000e\000p\000a\000n\000c\000y}{section.11}% 42
\BOOKMARK [1][-]{section.12}{\376\377\000T\000h\000e\000\040\000l\000o\000w\000-\000d\000e\000g\000r\000e\000e\000\040\000P\000C\000P\000\040\000a\000s\000\040\000a\000l\000g\000e\000b\000r\000a}{part.2}% 43
\BOOKMARK [2][-]{subsection.12.1}{\376\377\000I\000n\000t\000e\000r\000p\000o\000l\000a\000t\000i\000o\000n\000\040\000a\000n\000d\000\040\000t\000h\000e\000\040\000v\000a\000n\000i\000s\000h\000i\000n\000g\000\040\000p\000o\000l\000y\000n\000o\000m\000i\000a\000l}{section.12}% 44
\BOOKMARK [2][-]{subsection.12.2}{\376\377\000D\000i\000v\000i\000s\000i\000o\000n\000\040\000b\000y\000\040\000t\000h\000e\000\040\000B\000o\000o\000l\000e\000a\000n\000\040\000i\000d\000e\000a\000l}{section.12}% 45
\BOOKMARK [2][-]{subsection.12.3}{\376\377\000P\000C\000P\000\040\000v\000i\000e\000w\000\040\000a\000n\000d\000\040\000l\000o\000c\000a\000l\000\040\000v\000e\000r\000i\000f\000i\000e\000r}{section.12}% 46
\BOOKMARK [2][-]{subsection.12.4}{\376\377\000T\000h\000e\000\040\000f\000o\000u\000r\000\040\000s\000o\000u\000n\000d\000n\000e\000s\000s\000\040\000l\000a\000y\000e\000r\000s}{section.12}% 47
\BOOKMARK [1][-]{section.13}{\376\377\000T\000h\000e\000\040\000t\000y\000p\000e\000d\000\040\000l\000a\000y\000e\000r\000:\000\040\000c\000o\000n\000d\000i\000t\000i\000o\000n\000a\000l\000l\000y\000\040\000l\000i\000n\000e\000a\000r\000\040\000f\000u\000n\000c\000t\000i\000o\000n\000s}{part.2}% 48
\BOOKMARK [2][-]{subsection.13.1}{\376\377\000T\000h\000e\000\040\000i\000n\000d\000u\000c\000t\000i\000v\000e\000\040\000o\000b\000j\000e\000c\000t\000\040\000a\000n\000d\000\040\000i\000t\000s\000\040\000l\000a\000w\000s}{section.13}% 49
\BOOKMARK [2][-]{subsection.13.2}{\376\377\000P\000o\000i\000n\000t\000\040\000a\000n\000d\000\040\000l\000i\000n\000e\000\040\000m\000a\000p\000s}{section.13}% 50
\BOOKMARK [2][-]{subsection.13.3}{\376\377\000T\000y\000p\000e\000s\000\040\000a\000n\000d\000\040\000t\000h\000e\000\040\000s\000i\000x\000-\000c\000o\000p\000y\000\040\000s\000a\000m\000p\000l\000e\000r}{section.13}% 51
\BOOKMARK [2][-]{subsection.13.4}{\376\377\000T\000h\000e\000\040\000s\000t\000r\000u\000c\000t\000u\000r\000a\000l\000\040\000h\000y\000p\000o\000t\000h\000e\000s\000i\000s}{section.13}% 52
\BOOKMARK [1][-]{section.14}{\376\377\000C\000o\000r\000r\000e\000s\000p\000o\000n\000d\000e\000n\000c\000e\000\040\000t\000a\000b\000l\000e\000s}{part.2}% 53
\BOOKMARK [2][-]{subsection.14.1}{\376\377\000D\000e\000s\000c\000r\000i\000p\000t\000i\000o\000n\000\040\000f\000r\000o\000n\000t\000\040\000e\000n\000d\000\040\000\050\000p\000l\000a\000n\000n\000e\000d\000\040\000T\000B\0003\000\051}{section.14}% 54
\BOOKMARK [2][-]{subsection.14.2}{\376\377\000P\000o\000l\000y\000n\000o\000m\000i\000a\000l\000\040\000r\000u\000n\000g\000\040\000\050\000T\000B\0000\000\051}{section.14}% 55
\BOOKMARK [2][-]{subsection.14.3}{\376\377\000C\000L\000\040\000a\000n\000d\000\040\000l\000o\000w\000-\000d\000e\000g\000r\000e\000e\000-\000t\000e\000s\000t\000\040\000r\000u\000n\000g\000\040\000\050\000T\000B\0001\000\051}{section.14}% 56
\BOOKMARK [2][-]{subsection.14.4}{\376\377\000T\000y\000p\000e\000d\000\040\000a\000n\000s\000w\000e\000r\000-\000r\000e\000d\000u\000c\000t\000i\000o\000n\000\040\000r\000u\000n\000g\000\040\000\050\000T\000B\0002\000\051}{section.14}% 57
\BOOKMARK [2][-]{subsection.14.5}{\376\377\000M\000i\000d\000p\000o\000i\000n\000t\000\040\000d\000i\000a\000g\000n\000o\000s\000t\000i\000c\000\040\000\050\000T\000B\0000\000.\0005\000\051}{section.14}% 58
\BOOKMARK [2][-]{subsection.14.6}{\376\377\000C\000o\000m\000p\000r\000e\000s\000s\000i\000o\000n\000\040\000a\000n\000d\000\040\000f\000i\000x\000e\000d\000\040\000p\000o\000i\000n\000t\000\040\000\050\000p\000l\000a\000n\000n\000e\000d\000\040\000T\000B\0004\000\051}{section.14}% 59
\BOOKMARK [1][-]{section.15}{\376\377\000W\000h\000a\000t\000\040\000i\000s\000\040\000a\000n\000a\000l\000y\000t\000i\000c\000\040\000a\000n\000d\000\040\000w\000h\000a\000t\000\040\000i\000s\000\040\000c\000o\000m\000p\000u\000t\000e\000d}{part.2}% 60
\BOOKMARK [2][-]{subsection.15.1}{\376\377\000T\000h\000e\000\040\000e\000v\000i\000d\000e\000n\000c\000e\000\040\000b\000o\000u\000n\000d\000a\000r\000y}{section.15}% 61
\BOOKMARK [2][-]{subsection.15.2}{\376\377\000T\000h\000e\000\040\000m\000i\000d\000p\000o\000i\000n\000t\000\040\000d\000i\000a\000g\000n\000o\000s\000t\000i\000c}{section.15}% 62
\BOOKMARK [2][-]{subsection.15.3}{\376\377\000F\000i\000n\000a\000l\000\040\000a\000c\000c\000o\000u\000n\000t\000i\000n\000g}{section.15}% 63
